2026-07-07 00:05:22,322 - INFO - Используется устройство: cuda
2026-07-07 00:05:22,358 - INFO - ЗАДАНИЕ 3.1: Сравнение техник регуляризации
2026-07-07 00:05:22,358 - INFO - 
--- Регуляризация: No Reg ---
2026-07-07 00:08:04,030 - INFO - Финальная test acc: 0.9809
2026-07-07 00:08:04,030 - INFO - Разрыв train-test: 0.0138
2026-07-07 00:08:04,030 - INFO - 
--- Регуляризация: Dropout 0.1 ---
2026-07-07 00:10:27,232 - INFO - Финальная test acc: 0.9814
2026-07-07 00:10:27,232 - INFO - Разрыв train-test: 0.0083
2026-07-07 00:10:27,232 - INFO - 
--- Регуляризация: Dropout 0.3 ---
2026-07-07 00:12:49,477 - INFO - Финальная test acc: 0.9785
2026-07-07 00:12:49,477 - INFO - Разрыв train-test: 0.0018
2026-07-07 00:12:49,477 - INFO - 
--- Регуляризация: Dropout 0.5 ---
2026-07-07 00:16:02,507 - INFO - Финальная test acc: 0.9767
2026-07-07 00:16:02,507 - INFO - Разрыв train-test: -0.0156
2026-07-07 00:16:02,507 - INFO - 
--- Регуляризация: BatchNorm ---
2026-07-07 00:18:25,844 - INFO - Финальная test acc: 0.9793
2026-07-07 00:18:25,844 - INFO - Разрыв train-test: 0.0173
2026-07-07 00:18:25,844 - INFO - 
--- Регуляризация: Dropout + BN ---
2026-07-07 00:20:45,735 - INFO - Финальная test acc: 0.9833
2026-07-07 00:20:45,735 - INFO - Разрыв train-test: -0.0034
2026-07-07 00:20:45,735 - INFO - 
--- Регуляризация: L2 (wd=1e-3) ---
2026-07-07 00:23:03,649 - INFO - Финальная test acc: 0.9745
2026-07-07 00:23:03,649 - INFO - Разрыв train-test: 0.0108
2026-07-07 00:25:02,028 - INFO - 
============================================================
2026-07-07 00:25:02,028 - INFO - ЗАДАНИЕ 3.2: Адаптивная регуляризация
2026-07-07 00:25:02,028 - INFO - ============================================================
2026-07-07 00:25:02,028 - INFO - 
--- Адаптивный Dropout (0.1 → 0.5) ---
2026-07-07 00:28:19,452 - INFO - 
--- Статический Dropout (p=0.3) ---
2026-07-07 00:31:35,297 - INFO - 
--- BatchNorm с momentum=0.01 (агрессивное обновление статистик) ---
2026-07-07 00:34:52,992 - INFO - 
 Задание 3 завершено. Графики сохранены в plots/
