2026-07-06 23:07:26,012 - INFO - Используется устройство: cuda
2026-07-06 23:07:26,045 - INFO - ============================================================
2026-07-06 23:07:26,045 - INFO - ЗАДАНИЕ 2.1: Сравнение моделей разной ширины (глубина = 3)
2026-07-06 23:07:26,045 - INFO - ============================================================
2026-07-06 23:07:26,045 - INFO - 
--- Обучение модели: Narrow [64, 32, 16] ---
2026-07-06 23:07:26,200 - INFO - Количество параметров: 53,242
2026-07-06 23:09:24,808 - INFO - Время обучения: 118.61 сек
2026-07-06 23:09:24,811 - INFO - Финальная test acc: 0.9760
2026-07-06 23:09:24,811 - INFO - 
--- Обучение модели: Medium [256, 128, 64] ---
2026-07-06 23:09:24,814 - INFO - Количество параметров: 243,658
2026-07-06 23:11:27,654 - INFO - Время обучения: 122.84 сек
2026-07-06 23:11:27,654 - INFO - Финальная test acc: 0.9820
2026-07-06 23:11:27,654 - INFO - 
--- Обучение модели: Wide [1024, 512, 256] ---
2026-07-06 23:11:27,672 - INFO - Количество параметров: 1,466,122
2026-07-06 23:13:47,206 - INFO - Время обучения: 139.53 сек
2026-07-06 23:13:47,206 - INFO - Финальная test acc: 0.9807
2026-07-06 23:13:47,206 - INFO - 
--- Обучение модели: Very Wide [2048, 1024, 512] ---
2026-07-06 23:13:47,240 - INFO - Количество параметров: 4,242,954
2026-07-06 23:15:50,912 - INFO - Время обучения: 123.67 сек
2026-07-06 23:15:50,912 - INFO - Финальная test acc: 0.9822
2026-07-06 23:15:51,430 - INFO - 
============================================================
2026-07-06 23:15:51,430 - INFO - ЗАДАНИЕ 2.2: Grid Search — ширина × схема изменения
2026-07-06 23:15:51,430 - INFO - ============================================================
2026-07-06 23:17:25,213 - INFO - Base=64, Scheme=Сужение (x0.5) | Sizes=[64, 32, 16] | Acc=0.9759
2026-07-06 23:19:02,276 - INFO - Base=64, Scheme=Постоянная (x1.0) | Sizes=[64, 64, 64] | Acc=0.9776
2026-07-06 23:20:38,260 - INFO - Base=64, Scheme=Расширение (x2.0) | Sizes=[64, 128, 256] | Acc=0.9785
2026-07-06 23:22:45,161 - INFO - Base=256, Scheme=Сужение (x0.5) | Sizes=[256, 128, 64] | Acc=0.9823
2026-07-06 23:25:02,853 - INFO - Base=256, Scheme=Постоянная (x1.0) | Sizes=[256, 256, 256] | Acc=0.9811
2026-07-06 23:27:20,689 - INFO - Base=256, Scheme=Расширение (x2.0) | Sizes=[256, 512, 1024] | Acc=0.9777
2026-07-06 23:29:45,662 - INFO - Base=1024, Scheme=Сужение (x0.5) | Sizes=[1024, 512, 256] | Acc=0.9807
2026-07-06 23:32:17,425 - INFO - Base=1024, Scheme=Постоянная (x1.0) | Sizes=[1024, 1024, 1024] | Acc=0.9786
2026-07-06 23:34:46,829 - INFO - Base=1024, Scheme=Расширение (x2.0) | Sizes=[1024, 2048, 4096] | Acc=0.9791
2026-07-06 23:34:47,137 - INFO - 
 Задание 2 завершено. Графики сохранены в plots/
