2026-07-06 22:31:20,827 - INFO - Используется устройство: cuda
2026-07-06 22:34:58,971 - INFO - ============================================================
2026-07-06 22:34:58,972 - INFO - ЗАДАНИЕ 1.1: Сравнение моделей разной глубины
2026-07-06 22:34:58,972 - INFO - ============================================================
2026-07-06 22:34:58,972 - INFO - 
--- Обучение модели: 1 layer (Linear) ---
2026-07-06 22:34:59,303 - INFO - Количество параметров: 7,850
2026-07-06 22:38:46,937 - INFO - Время обучения: 227.63 сек
2026-07-06 22:38:46,940 - INFO - Финальная train acc: 0.9302
2026-07-06 22:38:46,940 - INFO - Финальная test acc: 0.9257
2026-07-06 22:38:46,940 - INFO - 
--- Обучение модели: 2 layers ---
2026-07-06 22:38:46,944 - INFO - Количество параметров: 203,530
2026-07-06 22:42:34,925 - INFO - Время обучения: 227.98 сек
2026-07-06 22:42:34,925 - INFO - Финальная train acc: 0.9966
2026-07-06 22:42:34,925 - INFO - Финальная test acc: 0.9800
2026-07-06 22:42:34,925 - INFO - 
--- Обучение модели: 3 layers ---
2026-07-06 22:42:34,927 - INFO - Количество параметров: 235,146
2026-07-06 22:46:48,186 - INFO - Время обучения: 253.26 сек
2026-07-06 22:46:48,186 - INFO - Финальная train acc: 0.9966
2026-07-06 22:46:48,187 - INFO - Финальная test acc: 0.9800
2026-07-06 22:46:48,187 - INFO - 
--- Обучение модели: 5 layers ---
2026-07-06 22:46:48,194 - INFO - Количество параметров: 244,522
2026-07-06 22:50:55,496 - INFO - Время обучения: 247.30 сек
2026-07-06 22:50:55,496 - INFO - Финальная train acc: 0.9954
2026-07-06 22:50:55,496 - INFO - Финальная test acc: 0.9783
2026-07-06 22:50:55,496 - INFO - 
--- Обучение модели: 7 layers ---
2026-07-06 22:50:55,500 - INFO - Количество параметров: 245,162
2026-07-06 22:54:21,469 - INFO - Время обучения: 205.97 сек
2026-07-06 22:54:21,469 - INFO - Финальная train acc: 0.9937
2026-07-06 22:54:21,469 - INFO - Финальная test acc: 0.9803
2026-07-06 22:54:22,995 - INFO - 
============================================================
2026-07-06 22:54:22,995 - INFO - ЗАДАНИЕ 1.2: Анализ переобучения (7 слоев)
2026-07-06 22:54:22,995 - INFO - ============================================================
2026-07-06 22:54:22,995 - INFO - 
--- 7 слоев БЕЗ регуляризации ---
2026-07-06 22:58:54,496 - INFO - 
--- 7 слоев С Dropout(0.3) + BatchNorm ---
2026-07-06 23:03:05,156 - INFO - 
Разрыв train-test (без рег.): 0.0199
2026-07-06 23:03:05,156 - INFO - Разрыв train-test (с рег.): -0.0799
2026-07-06 23:03:05,157 - INFO - 
 Задание 1 завершено. Графики сохранены в plots/
